# Synopsys Constraint Checker, version maplat, Build 1612R, built Dec  5 2016
# Copyright (C) 1994-2016 Synopsys, Inc. All rights reserved. This Synopsys software and all associated documentation are proprietary to Synopsys, Inc. and may only be used pursuant to the terms and conditions of a written license agreement with Synopsys, Inc. All other use, reproduction, modification, or distribution of the Synopsys software or the associated documentation is strictly prohibited.

# Written on Wed Nov  3 22:42:39 2021


##### DESIGN INFO #######################################################

Top View:                "rv32i"
Constraint File(s):      (none)




##### SUMMARY ############################################################

Found 0 issues in 0 out of 0 constraints


##### DETAILS ############################################################



Clock Relationships
*******************

Starting                           Ending                             |     rise to rise     |     fall to fall     |     rise to fall     |     fall to rise                     
---------------------------------------------------------------------------------------------------------------------------------------------------------------------------------
rv32i|clk_i                        rv32i|clk_i                        |     1000.000         |     1000.000         |     500.000          |     500.000                          
rv32i|clk_i                        spi_wo|clkdiv_derived_clock[3]     |     No paths         |     1000.000         |     No paths         |     500.000                          
spi_wo|clkdiv_derived_clock[3]     rv32i|clk_i                        |     1000.000         |     No paths         |     500.000          |     No paths                         
spi_wo|clkdiv_derived_clock[3]     spi_wo|clkdiv_derived_clock[3]     |     1000.000         |     No paths         |     500.000          |     No paths                         
=================================================================================================================================================================================
 Note: 'No paths' indicates there are no paths in the design for that pair of clock edges.
       'Diff grp' indicates that paths exist but the starting clock and ending clock are in different clock groups.


Unconstrained Start/End Points
******************************

p:DIS_CS
p:DIS_DC
p:DIS_RES
p:DIS_SDI
p:D_BCK
p:D_DATA
p:D_EMP
p:D_FMT
p:D_LRCLK
p:D_MUTE
p:D_SYSCK
p:FLASH_CS
p:FLASH_SCK
p:FLASH_SDI
p:FLASH_SDO
p:HB_O
p:RX
p:SRAM_ADDR[0]
p:SRAM_ADDR[1]
p:SRAM_ADDR[2]
p:SRAM_ADDR[3]
p:SRAM_ADDR[4]
p:SRAM_ADDR[5]
p:SRAM_ADDR[6]
p:SRAM_ADDR[7]
p:SRAM_ADDR[8]
p:SRAM_ADDR[9]
p:SRAM_ADDR[10]
p:SRAM_ADDR[11]
p:SRAM_ADDR[12]
p:SRAM_ADDR[13]
p:SRAM_ADDR[14]
p:SRAM_ADDR[15]
p:SRAM_CE
p:SRAM_DATA[0] (bidir end point)
p:SRAM_DATA[0] (bidir start point)
p:SRAM_DATA[1] (bidir end point)
p:SRAM_DATA[1] (bidir start point)
p:SRAM_DATA[2] (bidir end point)
p:SRAM_DATA[2] (bidir start point)
p:SRAM_DATA[3] (bidir end point)
p:SRAM_DATA[3] (bidir start point)
p:SRAM_DATA[4] (bidir end point)
p:SRAM_DATA[4] (bidir start point)
p:SRAM_DATA[5] (bidir end point)
p:SRAM_DATA[5] (bidir start point)
p:SRAM_DATA[6] (bidir end point)
p:SRAM_DATA[6] (bidir start point)
p:SRAM_DATA[7] (bidir end point)
p:SRAM_DATA[7] (bidir start point)
p:SRAM_DATA[8] (bidir end point)
p:SRAM_DATA[8] (bidir start point)
p:SRAM_DATA[9] (bidir end point)
p:SRAM_DATA[9] (bidir start point)
p:SRAM_DATA[10] (bidir end point)
p:SRAM_DATA[10] (bidir start point)
p:SRAM_DATA[11] (bidir end point)
p:SRAM_DATA[11] (bidir start point)
p:SRAM_DATA[12] (bidir end point)
p:SRAM_DATA[12] (bidir start point)
p:SRAM_DATA[13] (bidir end point)
p:SRAM_DATA[13] (bidir start point)
p:SRAM_DATA[14] (bidir end point)
p:SRAM_DATA[14] (bidir start point)
p:SRAM_DATA[15] (bidir end point)
p:SRAM_DATA[15] (bidir start point)
p:SRAM_LB
p:SRAM_UB
p:TX


Inapplicable constraints
************************

(none)


Applicable constraints with issues
**********************************

(none)


Constraints with matching wildcard expressions
**********************************************

(none)


Library Report
**************


# End of Constraint Checker Report
